// Jest Snapshot v1, https://goo.gl/fbAQLP

exports[`YarnApplicationsCard renders correctly 1`] = `
<Card
  bordered={true}
  style={
    Object {
      "height": "100%",
    }
  }
>
  <CardHeader>
    RECENT YARN APPLICATIONS
    <Icon
      onClick={[Function]}
      spin={false}
      style={
        Object {
          "color": "rgb(45, 116, 147)",
          "cursor": "pointer",
          "fontSize": 16,
          "marginLeft": 8,
        }
      }
      type="sync"
    />
  </CardHeader>
  <Table
    bordered={false}
    childrenColumnName="children"
    className=""
    dataSource={
      Array [
        Object {
          "link": "https:///cluster/app/1/",
          "name": "rworkspace",
        },
      ]
    }
    indentSize={20}
    loading={false}
    locale={Object {}}
    pagination={false}
    rowKey="key"
    showHeader={true}
    size="default"
    sortDirections={
      Array [
        "ascend",
        "descend",
      ]
    }
    useFixedHeader={false}
  >
    <Column
      dataIndex="name"
      key="name"
      title="Name"
    />
    <Column
      dataIndex="link"
      key="link"
      render={[Function]}
      title="Logs Link"
      width={100}
    />
  </Table>
</Card>
`;
