// Jest Snapshot v1, https://goo.gl/fbAQLP

exports[`LoginForm renders correctly 1`] = `
<Formik
  authType=""
  enableReinitialize={false}
  error=""
  handleSubmit={[Function]}
  initialValues={
    Object {
      "authType": "",
      "error": "",
      "loggingIn": false,
    }
  }
  isInitialValid={false}
  loggingIn={false}
  onSubmit={[Function]}
  render={[Function]}
  validateOnBlur={true}
  validateOnChange={true}
/>
`;
