// Jest Snapshot v1, https://goo.gl/fbAQLP

exports[`DataTab renders correctly 1`] = `
<div
  style={
    Object {
      "padding": 16,
    }
  }
>
  <Tabs
    hideAdd={false}
    tabPosition="top"
  >
    <TabPane
      key="1"
      placeholder={null}
      tab=""
    >
      <Row
        gutter={16}
        justify="center"
        style={
          Object {
            "marginBottom": 16,
          }
        }
        type="flex"
      >
        <Col
          span={6}
        >
          <HiveDatabase
            data={
              Object {
                "consumed_in_gb": 0,
                "id": 1,
                "location": "",
                "managing_group": Object {
                  "group": Object {
                    "attributes": Array [
                      Array [
                        "",
                        "",
                      ],
                    ],
                    "common_name": "",
                    "distinguished_name": "",
                    "sentry_role": "",
                  },
                },
                "name": "",
                "size_in_gb": 0,
              }
            }
            isDefault={true}
          />
        </Col>
        <Col
          span={18}
        >
          <Card
            style={
              Object {
                "height": "100%",
              }
            }
          >
            <CardHeader>
              Example
            </CardHeader>
            <SyntaxHighlighter
              language="sql"
              style={
                Object {
                  "hljs": Object {
                    "background": "#2d2d2d",
                    "color": "#cccccc",
                    "display": "block",
                    "overflowX": "auto",
                    "padding": "0.5em",
                  },
                  "hljs-addition": Object {
                    "color": "#99cc99",
                  },
                  "hljs-attribute": Object {
                    "color": "#ffcc66",
                  },
                  "hljs-built_in": Object {
                    "color": "#f99157",
                  },
                  "hljs-builtin-name": Object {
                    "color": "#f99157",
                  },
                  "hljs-bullet": Object {
                    "color": "#99cc99",
                  },
                  "hljs-comment": Object {
                    "color": "#999999",
                  },
                  "hljs-deletion": Object {
                    "color": "#f2777a",
                  },
                  "hljs-emphasis": Object {
                    "fontStyle": "italic",
                  },
                  "hljs-keyword": Object {
                    "color": "#cc99cc",
                  },
                  "hljs-link": Object {
                    "color": "#f99157",
                  },
                  "hljs-literal": Object {
                    "color": "#f99157",
                  },
                  "hljs-meta": Object {
                    "color": "#f99157",
                  },
                  "hljs-name": Object {
                    "color": "#f2777a",
                  },
                  "hljs-number": Object {
                    "color": "#f99157",
                  },
                  "hljs-params": Object {
                    "color": "#f99157",
                  },
                  "hljs-quote": Object {
                    "color": "#999999",
                  },
                  "hljs-regexp": Object {
                    "color": "#f2777a",
                  },
                  "hljs-section": Object {
                    "color": "#6699cc",
                  },
                  "hljs-selector-class": Object {
                    "color": "#f2777a",
                  },
                  "hljs-selector-id": Object {
                    "color": "#f2777a",
                  },
                  "hljs-selector-tag": Object {
                    "color": "#cc99cc",
                  },
                  "hljs-string": Object {
                    "color": "#99cc99",
                  },
                  "hljs-strong": Object {
                    "fontWeight": "bold",
                  },
                  "hljs-symbol": Object {
                    "color": "#99cc99",
                  },
                  "hljs-tag": Object {
                    "color": "#f2777a",
                  },
                  "hljs-template-variable": Object {
                    "color": "#f2777a",
                  },
                  "hljs-title": Object {
                    "color": "#6699cc",
                  },
                  "hljs-type": Object {
                    "color": "#f99157",
                  },
                  "hljs-variable": Object {
                    "color": "#f2777a",
                  },
                  "overflow": "auto",
                }
              }
            >
              CREATE TABLE .new_data_landing
LOCATION '/new_data/landing'
            </SyntaxHighlighter>
          </Card>
        </Col>
      </Row>
      <Row
        gutter={16}
        justify="center"
        type="flex"
      >
        <Col
          span={12}
        >
          <TablesCard
            onRefreshHiveTables={[Function]}
          />
        </Col>
        <Col
          span={12}
        >
          <PermissionsCard
            addMemberDisabled={true}
            allocation={
              Object {
                "consumed_in_gb": 0,
                "id": 1,
                "location": "",
                "managing_group": Object {
                  "group": Object {
                    "attributes": Array [
                      Array [
                        "",
                        "",
                      ],
                    ],
                    "common_name": "",
                    "distinguished_name": "",
                    "sentry_role": "",
                  },
                },
                "name": "",
                "size_in_gb": 0,
              }
            }
            memberLoading={false}
            onChangeMemberRole={[Function]}
            readonly={true}
            removeMember={[Function]}
            showModal={[Function]}
          />
        </Col>
      </Row>
    </TabPane>
  </Tabs>
</div>
`;
