// Jest Snapshot v1, https://goo.gl/fbAQLP

exports[`PrepareHelp renders correctly 1`] = `
ShallowWrapper {
  Symbol(enzyme.__root__): [Circular],
  Symbol(enzyme.__unrendered__): <SetupHelp
    location=""
    namespace=""
/>,
  Symbol(enzyme.__renderer__): Object {
    "batchedUpdates": [Function],
    "getNode": [Function],
    "render": [Function],
    "simulateError": [Function],
    "simulateEvent": [Function],
    "unmount": [Function],
  },
  Symbol(enzyme.__node__): Object {
    "instance": null,
    "key": undefined,
    "nodeType": "host",
    "props": Object {
      "children": Array [
        <Label>
          step 1: prepare
</Label>,
        <p
          style={
                    Object {
                              "fontSize": "12px",
                              "marginBottom": "0.5em",
                              "textAlign": "center",
                            }
          }
>
          set up a table for your work in your namespace
</p>,
        <SyntaxHighlighter
          language="sql"
          style={
                    Object {
                              "hljs": Object {
                                "background": "#2d2d2d",
                                "color": "#cccccc",
                                "display": "block",
                                "overflowX": "auto",
                                "padding": "0.5em",
                              },
                              "hljs-addition": Object {
                                "color": "#99cc99",
                              },
                              "hljs-attribute": Object {
                                "color": "#ffcc66",
                              },
                              "hljs-built_in": Object {
                                "color": "#f99157",
                              },
                              "hljs-builtin-name": Object {
                                "color": "#f99157",
                              },
                              "hljs-bullet": Object {
                                "color": "#99cc99",
                              },
                              "hljs-comment": Object {
                                "color": "#999999",
                              },
                              "hljs-deletion": Object {
                                "color": "#f2777a",
                              },
                              "hljs-emphasis": Object {
                                "fontStyle": "italic",
                              },
                              "hljs-keyword": Object {
                                "color": "#cc99cc",
                              },
                              "hljs-link": Object {
                                "color": "#f99157",
                              },
                              "hljs-literal": Object {
                                "color": "#f99157",
                              },
                              "hljs-meta": Object {
                                "color": "#f99157",
                              },
                              "hljs-name": Object {
                                "color": "#f2777a",
                              },
                              "hljs-number": Object {
                                "color": "#f99157",
                              },
                              "hljs-params": Object {
                                "color": "#f99157",
                              },
                              "hljs-quote": Object {
                                "color": "#999999",
                              },
                              "hljs-regexp": Object {
                                "color": "#f2777a",
                              },
                              "hljs-section": Object {
                                "color": "#6699cc",
                              },
                              "hljs-selector-class": Object {
                                "color": "#f2777a",
                              },
                              "hljs-selector-id": Object {
                                "color": "#f2777a",
                              },
                              "hljs-selector-tag": Object {
                                "color": "#cc99cc",
                              },
                              "hljs-string": Object {
                                "color": "#99cc99",
                              },
                              "hljs-strong": Object {
                                "fontWeight": "bold",
                              },
                              "hljs-symbol": Object {
                                "color": "#99cc99",
                              },
                              "hljs-tag": Object {
                                "color": "#f2777a",
                              },
                              "hljs-template-variable": Object {
                                "color": "#f2777a",
                              },
                              "hljs-title": Object {
                                "color": "#6699cc",
                              },
                              "hljs-type": Object {
                                "color": "#f99157",
                              },
                              "hljs-variable": Object {
                                "color": "#f2777a",
                              },
                              "overflow": "auto",
                            }
          }
>
          CREATE TABLE .new_data_landing
          LOCATION '/new_data/landing'
</SyntaxHighlighter>,
      ],
      "style": Object {
        "padding": "4px",
      },
    },
    "ref": null,
    "rendered": Array [
      Object {
        "instance": null,
        "key": undefined,
        "nodeType": "function",
        "props": Object {
          "children": "step 1: prepare",
        },
        "ref": null,
        "rendered": "step 1: prepare",
        "type": [Function],
      },
      Object {
        "instance": null,
        "key": undefined,
        "nodeType": "host",
        "props": Object {
          "children": "set up a table for your work in your namespace",
          "style": Object {
            "fontSize": "12px",
            "marginBottom": "0.5em",
            "textAlign": "center",
          },
        },
        "ref": null,
        "rendered": "set up a table for your work in your namespace",
        "type": "p",
      },
      Object {
        "instance": null,
        "key": undefined,
        "nodeType": "function",
        "props": Object {
          "children": "CREATE TABLE .new_data_landing
LOCATION '/new_data/landing'",
          "language": "sql",
          "style": Object {
            "hljs": Object {
              "background": "#2d2d2d",
              "color": "#cccccc",
              "display": "block",
              "overflowX": "auto",
              "padding": "0.5em",
            },
            "hljs-addition": Object {
              "color": "#99cc99",
            },
            "hljs-attribute": Object {
              "color": "#ffcc66",
            },
            "hljs-built_in": Object {
              "color": "#f99157",
            },
            "hljs-builtin-name": Object {
              "color": "#f99157",
            },
            "hljs-bullet": Object {
              "color": "#99cc99",
            },
            "hljs-comment": Object {
              "color": "#999999",
            },
            "hljs-deletion": Object {
              "color": "#f2777a",
            },
            "hljs-emphasis": Object {
              "fontStyle": "italic",
            },
            "hljs-keyword": Object {
              "color": "#cc99cc",
            },
            "hljs-link": Object {
              "color": "#f99157",
            },
            "hljs-literal": Object {
              "color": "#f99157",
            },
            "hljs-meta": Object {
              "color": "#f99157",
            },
            "hljs-name": Object {
              "color": "#f2777a",
            },
            "hljs-number": Object {
              "color": "#f99157",
            },
            "hljs-params": Object {
              "color": "#f99157",
            },
            "hljs-quote": Object {
              "color": "#999999",
            },
            "hljs-regexp": Object {
              "color": "#f2777a",
            },
            "hljs-section": Object {
              "color": "#6699cc",
            },
            "hljs-selector-class": Object {
              "color": "#f2777a",
            },
            "hljs-selector-id": Object {
              "color": "#f2777a",
            },
            "hljs-selector-tag": Object {
              "color": "#cc99cc",
            },
            "hljs-string": Object {
              "color": "#99cc99",
            },
            "hljs-strong": Object {
              "fontWeight": "bold",
            },
            "hljs-symbol": Object {
              "color": "#99cc99",
            },
            "hljs-tag": Object {
              "color": "#f2777a",
            },
            "hljs-template-variable": Object {
              "color": "#f2777a",
            },
            "hljs-title": Object {
              "color": "#6699cc",
            },
            "hljs-type": Object {
              "color": "#f99157",
            },
            "hljs-variable": Object {
              "color": "#f2777a",
            },
            "overflow": "auto",
          },
        },
        "ref": null,
        "rendered": "CREATE TABLE .new_data_landing
LOCATION '/new_data/landing'",
        "type": [Function],
      },
    ],
    "type": "div",
  },
  Symbol(enzyme.__nodes__): Array [
    Object {
      "instance": null,
      "key": undefined,
      "nodeType": "host",
      "props": Object {
        "children": Array [
          <Label>
            step 1: prepare
</Label>,
          <p
            style={
                        Object {
                                    "fontSize": "12px",
                                    "marginBottom": "0.5em",
                                    "textAlign": "center",
                                  }
            }
>
            set up a table for your work in your namespace
</p>,
          <SyntaxHighlighter
            language="sql"
            style={
                        Object {
                                    "hljs": Object {
                                      "background": "#2d2d2d",
                                      "color": "#cccccc",
                                      "display": "block",
                                      "overflowX": "auto",
                                      "padding": "0.5em",
                                    },
                                    "hljs-addition": Object {
                                      "color": "#99cc99",
                                    },
                                    "hljs-attribute": Object {
                                      "color": "#ffcc66",
                                    },
                                    "hljs-built_in": Object {
                                      "color": "#f99157",
                                    },
                                    "hljs-builtin-name": Object {
                                      "color": "#f99157",
                                    },
                                    "hljs-bullet": Object {
                                      "color": "#99cc99",
                                    },
                                    "hljs-comment": Object {
                                      "color": "#999999",
                                    },
                                    "hljs-deletion": Object {
                                      "color": "#f2777a",
                                    },
                                    "hljs-emphasis": Object {
                                      "fontStyle": "italic",
                                    },
                                    "hljs-keyword": Object {
                                      "color": "#cc99cc",
                                    },
                                    "hljs-link": Object {
                                      "color": "#f99157",
                                    },
                                    "hljs-literal": Object {
                                      "color": "#f99157",
                                    },
                                    "hljs-meta": Object {
                                      "color": "#f99157",
                                    },
                                    "hljs-name": Object {
                                      "color": "#f2777a",
                                    },
                                    "hljs-number": Object {
                                      "color": "#f99157",
                                    },
                                    "hljs-params": Object {
                                      "color": "#f99157",
                                    },
                                    "hljs-quote": Object {
                                      "color": "#999999",
                                    },
                                    "hljs-regexp": Object {
                                      "color": "#f2777a",
                                    },
                                    "hljs-section": Object {
                                      "color": "#6699cc",
                                    },
                                    "hljs-selector-class": Object {
                                      "color": "#f2777a",
                                    },
                                    "hljs-selector-id": Object {
                                      "color": "#f2777a",
                                    },
                                    "hljs-selector-tag": Object {
                                      "color": "#cc99cc",
                                    },
                                    "hljs-string": Object {
                                      "color": "#99cc99",
                                    },
                                    "hljs-strong": Object {
                                      "fontWeight": "bold",
                                    },
                                    "hljs-symbol": Object {
                                      "color": "#99cc99",
                                    },
                                    "hljs-tag": Object {
                                      "color": "#f2777a",
                                    },
                                    "hljs-template-variable": Object {
                                      "color": "#f2777a",
                                    },
                                    "hljs-title": Object {
                                      "color": "#6699cc",
                                    },
                                    "hljs-type": Object {
                                      "color": "#f99157",
                                    },
                                    "hljs-variable": Object {
                                      "color": "#f2777a",
                                    },
                                    "overflow": "auto",
                                  }
            }
>
            CREATE TABLE .new_data_landing
            LOCATION '/new_data/landing'
</SyntaxHighlighter>,
        ],
        "style": Object {
          "padding": "4px",
        },
      },
      "ref": null,
      "rendered": Array [
        Object {
          "instance": null,
          "key": undefined,
          "nodeType": "function",
          "props": Object {
            "children": "step 1: prepare",
          },
          "ref": null,
          "rendered": "step 1: prepare",
          "type": [Function],
        },
        Object {
          "instance": null,
          "key": undefined,
          "nodeType": "host",
          "props": Object {
            "children": "set up a table for your work in your namespace",
            "style": Object {
              "fontSize": "12px",
              "marginBottom": "0.5em",
              "textAlign": "center",
            },
          },
          "ref": null,
          "rendered": "set up a table for your work in your namespace",
          "type": "p",
        },
        Object {
          "instance": null,
          "key": undefined,
          "nodeType": "function",
          "props": Object {
            "children": "CREATE TABLE .new_data_landing
LOCATION '/new_data/landing'",
            "language": "sql",
            "style": Object {
              "hljs": Object {
                "background": "#2d2d2d",
                "color": "#cccccc",
                "display": "block",
                "overflowX": "auto",
                "padding": "0.5em",
              },
              "hljs-addition": Object {
                "color": "#99cc99",
              },
              "hljs-attribute": Object {
                "color": "#ffcc66",
              },
              "hljs-built_in": Object {
                "color": "#f99157",
              },
              "hljs-builtin-name": Object {
                "color": "#f99157",
              },
              "hljs-bullet": Object {
                "color": "#99cc99",
              },
              "hljs-comment": Object {
                "color": "#999999",
              },
              "hljs-deletion": Object {
                "color": "#f2777a",
              },
              "hljs-emphasis": Object {
                "fontStyle": "italic",
              },
              "hljs-keyword": Object {
                "color": "#cc99cc",
              },
              "hljs-link": Object {
                "color": "#f99157",
              },
              "hljs-literal": Object {
                "color": "#f99157",
              },
              "hljs-meta": Object {
                "color": "#f99157",
              },
              "hljs-name": Object {
                "color": "#f2777a",
              },
              "hljs-number": Object {
                "color": "#f99157",
              },
              "hljs-params": Object {
                "color": "#f99157",
              },
              "hljs-quote": Object {
                "color": "#999999",
              },
              "hljs-regexp": Object {
                "color": "#f2777a",
              },
              "hljs-section": Object {
                "color": "#6699cc",
              },
              "hljs-selector-class": Object {
                "color": "#f2777a",
              },
              "hljs-selector-id": Object {
                "color": "#f2777a",
              },
              "hljs-selector-tag": Object {
                "color": "#cc99cc",
              },
              "hljs-string": Object {
                "color": "#99cc99",
              },
              "hljs-strong": Object {
                "fontWeight": "bold",
              },
              "hljs-symbol": Object {
                "color": "#99cc99",
              },
              "hljs-tag": Object {
                "color": "#f2777a",
              },
              "hljs-template-variable": Object {
                "color": "#f2777a",
              },
              "hljs-title": Object {
                "color": "#6699cc",
              },
              "hljs-type": Object {
                "color": "#f99157",
              },
              "hljs-variable": Object {
                "color": "#f2777a",
              },
              "overflow": "auto",
            },
          },
          "ref": null,
          "rendered": "CREATE TABLE .new_data_landing
LOCATION '/new_data/landing'",
          "type": [Function],
        },
      ],
      "type": "div",
    },
  ],
  Symbol(enzyme.__options__): Object {
    "adapter": ReactSixteenAdapter {
      "options": Object {
        "enableComponentDidUpdateOnSetState": true,
        "lifecycles": Object {
          "componentDidUpdate": Object {
            "onSetState": true,
          },
          "getDerivedStateFromProps": true,
          "getSnapshotBeforeUpdate": true,
          "setState": Object {
            "skipsComponentDidUpdateOnNullish": true,
          },
        },
      },
    },
  },
}
`;
