// Jest Snapshot v1, https://goo.gl/fbAQLP

exports[`SetupHelp renders correctly 1`] = `
ShallowWrapper {
  Symbol(enzyme.__root__): [Circular],
  Symbol(enzyme.__unrendered__): <SetupHelp
    approved={false}
  />,
  Symbol(enzyme.__renderer__): Object {
    "batchedUpdates": [Function],
    "getNode": [Function],
    "render": [Function],
    "simulateError": [Function],
    "simulateEvent": [Function],
    "unmount": [Function],
  },
  Symbol(enzyme.__node__): Object {
    "instance": null,
    "key": undefined,
    "nodeType": "class",
    "props": Object {
      "bodyStyle": Object {
        "display": "flex",
        "flex": 1,
        "flexDirection": "column",
      },
      "children": Array [
        <Label>
          get ready
        </Label>,
        <Row
          gutter={10}
        >
          <Col
            lg={12}
            span={24}
          >
            <h3>
              Write your application...
            </h3>
            <SyntaxHighlighter
              language="python"
              style={
                Object {
                  "hljs": Object {
                    "background": "#2d2d2d",
                    "color": "#cccccc",
                    "display": "block",
                    "overflowX": "auto",
                    "padding": "0.5em",
                  },
                  "hljs-addition": Object {
                    "color": "#99cc99",
                  },
                  "hljs-attribute": Object {
                    "color": "#ffcc66",
                  },
                  "hljs-built_in": Object {
                    "color": "#f99157",
                  },
                  "hljs-builtin-name": Object {
                    "color": "#f99157",
                  },
                  "hljs-bullet": Object {
                    "color": "#99cc99",
                  },
                  "hljs-comment": Object {
                    "color": "#999999",
                  },
                  "hljs-deletion": Object {
                    "color": "#f2777a",
                  },
                  "hljs-emphasis": Object {
                    "fontStyle": "italic",
                  },
                  "hljs-keyword": Object {
                    "color": "#cc99cc",
                  },
                  "hljs-link": Object {
                    "color": "#f99157",
                  },
                  "hljs-literal": Object {
                    "color": "#f99157",
                  },
                  "hljs-meta": Object {
                    "color": "#f99157",
                  },
                  "hljs-name": Object {
                    "color": "#f2777a",
                  },
                  "hljs-number": Object {
                    "color": "#f99157",
                  },
                  "hljs-params": Object {
                    "color": "#f99157",
                  },
                  "hljs-quote": Object {
                    "color": "#999999",
                  },
                  "hljs-regexp": Object {
                    "color": "#f2777a",
                  },
                  "hljs-section": Object {
                    "color": "#6699cc",
                  },
                  "hljs-selector-class": Object {
                    "color": "#f2777a",
                  },
                  "hljs-selector-id": Object {
                    "color": "#f2777a",
                  },
                  "hljs-selector-tag": Object {
                    "color": "#cc99cc",
                  },
                  "hljs-string": Object {
                    "color": "#99cc99",
                  },
                  "hljs-strong": Object {
                    "fontWeight": "bold",
                  },
                  "hljs-symbol": Object {
                    "color": "#99cc99",
                  },
                  "hljs-tag": Object {
                    "color": "#f2777a",
                  },
                  "hljs-template-variable": Object {
                    "color": "#f2777a",
                  },
                  "hljs-title": Object {
                    "color": "#6699cc",
                  },
                  "hljs-type": Object {
                    "color": "#f99157",
                  },
                  "hljs-variable": Object {
                    "color": "#f2777a",
                  },
                }
              }
            >
              from impala.dbapi
import connect
conn = connect(
  host = ‘$ {
    host
  }’, port = $ {
    port
  }, database = ‘$ {
    dbName
  }’)
cursor = conn.cursor()
cursor.execute(‘SELECT * FROM mytable LIMIT 100’)
print cursor.description # prints the result set’ s schema
results = cursor.fetchall()
            </SyntaxHighlighter>
          </Col>
          <Col
            lg={12}
            span={24}
          >
            <h3>
              Then 
              when your workspace is approved, 
               just run it!
            </h3>
            <div
              style={
                Object {
                  "display": "flex",
                  "flexDirection": "column",
                }
              }
            >
              <SyntaxHighlighter
                language="shell"
                style={
                  Object {
                    "hljs": Object {
                      "background": "#2d2d2d",
                      "color": "#cccccc",
                      "display": "block",
                      "overflowX": "auto",
                      "padding": "0.5em",
                    },
                    "hljs-addition": Object {
                      "color": "#99cc99",
                    },
                    "hljs-attribute": Object {
                      "color": "#ffcc66",
                    },
                    "hljs-built_in": Object {
                      "color": "#f99157",
                    },
                    "hljs-builtin-name": Object {
                      "color": "#f99157",
                    },
                    "hljs-bullet": Object {
                      "color": "#99cc99",
                    },
                    "hljs-comment": Object {
                      "color": "#999999",
                    },
                    "hljs-deletion": Object {
                      "color": "#f2777a",
                    },
                    "hljs-emphasis": Object {
                      "fontStyle": "italic",
                    },
                    "hljs-keyword": Object {
                      "color": "#cc99cc",
                    },
                    "hljs-link": Object {
                      "color": "#f99157",
                    },
                    "hljs-literal": Object {
                      "color": "#f99157",
                    },
                    "hljs-meta": Object {
                      "color": "#f99157",
                    },
                    "hljs-name": Object {
                      "color": "#f2777a",
                    },
                    "hljs-number": Object {
                      "color": "#f99157",
                    },
                    "hljs-params": Object {
                      "color": "#f99157",
                    },
                    "hljs-quote": Object {
                      "color": "#999999",
                    },
                    "hljs-regexp": Object {
                      "color": "#f2777a",
                    },
                    "hljs-section": Object {
                      "color": "#6699cc",
                    },
                    "hljs-selector-class": Object {
                      "color": "#f2777a",
                    },
                    "hljs-selector-id": Object {
                      "color": "#f2777a",
                    },
                    "hljs-selector-tag": Object {
                      "color": "#cc99cc",
                    },
                    "hljs-string": Object {
                      "color": "#99cc99",
                    },
                    "hljs-strong": Object {
                      "fontWeight": "bold",
                    },
                    "hljs-symbol": Object {
                      "color": "#99cc99",
                    },
                    "hljs-tag": Object {
                      "color": "#f2777a",
                    },
                    "hljs-template-variable": Object {
                      "color": "#f2777a",
                    },
                    "hljs-title": Object {
                      "color": "#6699cc",
                    },
                    "hljs-type": Object {
                      "color": "#f99157",
                    },
                    "hljs-variable": Object {
                      "color": "#f2777a",
                    },
                  }
                }
              >
                $ spark-submit --class org.apache.spark.examples.SparkPi \\
    --master yarn \\
    --deploy-mode cluster \\
    --queue poolName \\
    examples/jars/spark-examples*.jar \\
    10
              </SyntaxHighlighter>
              <h3>
                ...then refresh the page to see your new application above!
              </h3>
            </div>
          </Col>
        </Row>,
      ],
      "style": Object {
        "display": "flex",
        "flex": 1,
      },
    },
    "ref": null,
    "rendered": Array [
      Object {
        "instance": null,
        "key": undefined,
        "nodeType": "function",
        "props": Object {
          "children": "get ready",
        },
        "ref": null,
        "rendered": "get ready",
        "type": [Function],
      },
      Object {
        "instance": null,
        "key": undefined,
        "nodeType": "class",
        "props": Object {
          "children": Array [
            <Col
              lg={12}
              span={24}
            >
              <h3>
                Write your application...
              </h3>
              <SyntaxHighlighter
                language="python"
                style={
                  Object {
                    "hljs": Object {
                      "background": "#2d2d2d",
                      "color": "#cccccc",
                      "display": "block",
                      "overflowX": "auto",
                      "padding": "0.5em",
                    },
                    "hljs-addition": Object {
                      "color": "#99cc99",
                    },
                    "hljs-attribute": Object {
                      "color": "#ffcc66",
                    },
                    "hljs-built_in": Object {
                      "color": "#f99157",
                    },
                    "hljs-builtin-name": Object {
                      "color": "#f99157",
                    },
                    "hljs-bullet": Object {
                      "color": "#99cc99",
                    },
                    "hljs-comment": Object {
                      "color": "#999999",
                    },
                    "hljs-deletion": Object {
                      "color": "#f2777a",
                    },
                    "hljs-emphasis": Object {
                      "fontStyle": "italic",
                    },
                    "hljs-keyword": Object {
                      "color": "#cc99cc",
                    },
                    "hljs-link": Object {
                      "color": "#f99157",
                    },
                    "hljs-literal": Object {
                      "color": "#f99157",
                    },
                    "hljs-meta": Object {
                      "color": "#f99157",
                    },
                    "hljs-name": Object {
                      "color": "#f2777a",
                    },
                    "hljs-number": Object {
                      "color": "#f99157",
                    },
                    "hljs-params": Object {
                      "color": "#f99157",
                    },
                    "hljs-quote": Object {
                      "color": "#999999",
                    },
                    "hljs-regexp": Object {
                      "color": "#f2777a",
                    },
                    "hljs-section": Object {
                      "color": "#6699cc",
                    },
                    "hljs-selector-class": Object {
                      "color": "#f2777a",
                    },
                    "hljs-selector-id": Object {
                      "color": "#f2777a",
                    },
                    "hljs-selector-tag": Object {
                      "color": "#cc99cc",
                    },
                    "hljs-string": Object {
                      "color": "#99cc99",
                    },
                    "hljs-strong": Object {
                      "fontWeight": "bold",
                    },
                    "hljs-symbol": Object {
                      "color": "#99cc99",
                    },
                    "hljs-tag": Object {
                      "color": "#f2777a",
                    },
                    "hljs-template-variable": Object {
                      "color": "#f2777a",
                    },
                    "hljs-title": Object {
                      "color": "#6699cc",
                    },
                    "hljs-type": Object {
                      "color": "#f99157",
                    },
                    "hljs-variable": Object {
                      "color": "#f2777a",
                    },
                  }
                }
              >
                from impala.dbapi
import connect
conn = connect(
  host = ‘$ {
    host
  }’, port = $ {
    port
  }, database = ‘$ {
    dbName
  }’)
cursor = conn.cursor()
cursor.execute(‘SELECT * FROM mytable LIMIT 100’)
print cursor.description # prints the result set’ s schema
results = cursor.fetchall()
              </SyntaxHighlighter>
            </Col>,
            <Col
              lg={12}
              span={24}
            >
              <h3>
                Then 
                when your workspace is approved, 
                 just run it!
              </h3>
              <div
                style={
                  Object {
                    "display": "flex",
                    "flexDirection": "column",
                  }
                }
              >
                <SyntaxHighlighter
                  language="shell"
                  style={
                    Object {
                      "hljs": Object {
                        "background": "#2d2d2d",
                        "color": "#cccccc",
                        "display": "block",
                        "overflowX": "auto",
                        "padding": "0.5em",
                      },
                      "hljs-addition": Object {
                        "color": "#99cc99",
                      },
                      "hljs-attribute": Object {
                        "color": "#ffcc66",
                      },
                      "hljs-built_in": Object {
                        "color": "#f99157",
                      },
                      "hljs-builtin-name": Object {
                        "color": "#f99157",
                      },
                      "hljs-bullet": Object {
                        "color": "#99cc99",
                      },
                      "hljs-comment": Object {
                        "color": "#999999",
                      },
                      "hljs-deletion": Object {
                        "color": "#f2777a",
                      },
                      "hljs-emphasis": Object {
                        "fontStyle": "italic",
                      },
                      "hljs-keyword": Object {
                        "color": "#cc99cc",
                      },
                      "hljs-link": Object {
                        "color": "#f99157",
                      },
                      "hljs-literal": Object {
                        "color": "#f99157",
                      },
                      "hljs-meta": Object {
                        "color": "#f99157",
                      },
                      "hljs-name": Object {
                        "color": "#f2777a",
                      },
                      "hljs-number": Object {
                        "color": "#f99157",
                      },
                      "hljs-params": Object {
                        "color": "#f99157",
                      },
                      "hljs-quote": Object {
                        "color": "#999999",
                      },
                      "hljs-regexp": Object {
                        "color": "#f2777a",
                      },
                      "hljs-section": Object {
                        "color": "#6699cc",
                      },
                      "hljs-selector-class": Object {
                        "color": "#f2777a",
                      },
                      "hljs-selector-id": Object {
                        "color": "#f2777a",
                      },
                      "hljs-selector-tag": Object {
                        "color": "#cc99cc",
                      },
                      "hljs-string": Object {
                        "color": "#99cc99",
                      },
                      "hljs-strong": Object {
                        "fontWeight": "bold",
                      },
                      "hljs-symbol": Object {
                        "color": "#99cc99",
                      },
                      "hljs-tag": Object {
                        "color": "#f2777a",
                      },
                      "hljs-template-variable": Object {
                        "color": "#f2777a",
                      },
                      "hljs-title": Object {
                        "color": "#6699cc",
                      },
                      "hljs-type": Object {
                        "color": "#f99157",
                      },
                      "hljs-variable": Object {
                        "color": "#f2777a",
                      },
                    }
                  }
                >
                  $ spark-submit --class org.apache.spark.examples.SparkPi \\
    --master yarn \\
    --deploy-mode cluster \\
    --queue poolName \\
    examples/jars/spark-examples*.jar \\
    10
                </SyntaxHighlighter>
                <h3>
                  ...then refresh the page to see your new application above!
                </h3>
              </div>
            </Col>,
          ],
          "gutter": 10,
        },
        "ref": null,
        "rendered": Array [
          Object {
            "instance": null,
            "key": undefined,
            "nodeType": "class",
            "props": Object {
              "children": Array [
                <h3>
                  Write your application...
                </h3>,
                <SyntaxHighlighter
                  language="python"
                  style={
                    Object {
                      "hljs": Object {
                        "background": "#2d2d2d",
                        "color": "#cccccc",
                        "display": "block",
                        "overflowX": "auto",
                        "padding": "0.5em",
                      },
                      "hljs-addition": Object {
                        "color": "#99cc99",
                      },
                      "hljs-attribute": Object {
                        "color": "#ffcc66",
                      },
                      "hljs-built_in": Object {
                        "color": "#f99157",
                      },
                      "hljs-builtin-name": Object {
                        "color": "#f99157",
                      },
                      "hljs-bullet": Object {
                        "color": "#99cc99",
                      },
                      "hljs-comment": Object {
                        "color": "#999999",
                      },
                      "hljs-deletion": Object {
                        "color": "#f2777a",
                      },
                      "hljs-emphasis": Object {
                        "fontStyle": "italic",
                      },
                      "hljs-keyword": Object {
                        "color": "#cc99cc",
                      },
                      "hljs-link": Object {
                        "color": "#f99157",
                      },
                      "hljs-literal": Object {
                        "color": "#f99157",
                      },
                      "hljs-meta": Object {
                        "color": "#f99157",
                      },
                      "hljs-name": Object {
                        "color": "#f2777a",
                      },
                      "hljs-number": Object {
                        "color": "#f99157",
                      },
                      "hljs-params": Object {
                        "color": "#f99157",
                      },
                      "hljs-quote": Object {
                        "color": "#999999",
                      },
                      "hljs-regexp": Object {
                        "color": "#f2777a",
                      },
                      "hljs-section": Object {
                        "color": "#6699cc",
                      },
                      "hljs-selector-class": Object {
                        "color": "#f2777a",
                      },
                      "hljs-selector-id": Object {
                        "color": "#f2777a",
                      },
                      "hljs-selector-tag": Object {
                        "color": "#cc99cc",
                      },
                      "hljs-string": Object {
                        "color": "#99cc99",
                      },
                      "hljs-strong": Object {
                        "fontWeight": "bold",
                      },
                      "hljs-symbol": Object {
                        "color": "#99cc99",
                      },
                      "hljs-tag": Object {
                        "color": "#f2777a",
                      },
                      "hljs-template-variable": Object {
                        "color": "#f2777a",
                      },
                      "hljs-title": Object {
                        "color": "#6699cc",
                      },
                      "hljs-type": Object {
                        "color": "#f99157",
                      },
                      "hljs-variable": Object {
                        "color": "#f2777a",
                      },
                    }
                  }
                >
                  from impala.dbapi
import connect
conn = connect(
  host = ‘$ {
    host
  }’, port = $ {
    port
  }, database = ‘$ {
    dbName
  }’)
cursor = conn.cursor()
cursor.execute(‘SELECT * FROM mytable LIMIT 100’)
print cursor.description # prints the result set’ s schema
results = cursor.fetchall()
                </SyntaxHighlighter>,
              ],
              "lg": 12,
              "span": 24,
            },
            "ref": null,
            "rendered": Array [
              Object {
                "instance": null,
                "key": undefined,
                "nodeType": "host",
                "props": Object {
                  "children": "Write your application...",
                },
                "ref": null,
                "rendered": "Write your application...",
                "type": "h3",
              },
              Object {
                "instance": null,
                "key": undefined,
                "nodeType": "function",
                "props": Object {
                  "children": "from impala.dbapi
import connect
conn = connect(
  host = ‘$ {
    host
  }’, port = $ {
    port
  }, database = ‘$ {
    dbName
  }’)
cursor = conn.cursor()
cursor.execute(‘SELECT * FROM mytable LIMIT 100’)
print cursor.description # prints the result set’ s schema
results = cursor.fetchall()",
                  "language": "python",
                  "style": Object {
                    "hljs": Object {
                      "background": "#2d2d2d",
                      "color": "#cccccc",
                      "display": "block",
                      "overflowX": "auto",
                      "padding": "0.5em",
                    },
                    "hljs-addition": Object {
                      "color": "#99cc99",
                    },
                    "hljs-attribute": Object {
                      "color": "#ffcc66",
                    },
                    "hljs-built_in": Object {
                      "color": "#f99157",
                    },
                    "hljs-builtin-name": Object {
                      "color": "#f99157",
                    },
                    "hljs-bullet": Object {
                      "color": "#99cc99",
                    },
                    "hljs-comment": Object {
                      "color": "#999999",
                    },
                    "hljs-deletion": Object {
                      "color": "#f2777a",
                    },
                    "hljs-emphasis": Object {
                      "fontStyle": "italic",
                    },
                    "hljs-keyword": Object {
                      "color": "#cc99cc",
                    },
                    "hljs-link": Object {
                      "color": "#f99157",
                    },
                    "hljs-literal": Object {
                      "color": "#f99157",
                    },
                    "hljs-meta": Object {
                      "color": "#f99157",
                    },
                    "hljs-name": Object {
                      "color": "#f2777a",
                    },
                    "hljs-number": Object {
                      "color": "#f99157",
                    },
                    "hljs-params": Object {
                      "color": "#f99157",
                    },
                    "hljs-quote": Object {
                      "color": "#999999",
                    },
                    "hljs-regexp": Object {
                      "color": "#f2777a",
                    },
                    "hljs-section": Object {
                      "color": "#6699cc",
                    },
                    "hljs-selector-class": Object {
                      "color": "#f2777a",
                    },
                    "hljs-selector-id": Object {
                      "color": "#f2777a",
                    },
                    "hljs-selector-tag": Object {
                      "color": "#cc99cc",
                    },
                    "hljs-string": Object {
                      "color": "#99cc99",
                    },
                    "hljs-strong": Object {
                      "fontWeight": "bold",
                    },
                    "hljs-symbol": Object {
                      "color": "#99cc99",
                    },
                    "hljs-tag": Object {
                      "color": "#f2777a",
                    },
                    "hljs-template-variable": Object {
                      "color": "#f2777a",
                    },
                    "hljs-title": Object {
                      "color": "#6699cc",
                    },
                    "hljs-type": Object {
                      "color": "#f99157",
                    },
                    "hljs-variable": Object {
                      "color": "#f2777a",
                    },
                  },
                },
                "ref": null,
                "rendered": "from impala.dbapi
import connect
conn = connect(
  host = ‘$ {
    host
  }’, port = $ {
    port
  }, database = ‘$ {
    dbName
  }’)
cursor = conn.cursor()
cursor.execute(‘SELECT * FROM mytable LIMIT 100’)
print cursor.description # prints the result set’ s schema
results = cursor.fetchall()",
                "type": [Function],
              },
            ],
            "type": [Function],
          },
          Object {
            "instance": null,
            "key": undefined,
            "nodeType": "class",
            "props": Object {
              "children": Array [
                <h3>
                  Then 
                  when your workspace is approved, 
                   just run it!
                </h3>,
                <div
                  style={
                    Object {
                      "display": "flex",
                      "flexDirection": "column",
                    }
                  }
                >
                  <SyntaxHighlighter
                    language="shell"
                    style={
                      Object {
                        "hljs": Object {
                          "background": "#2d2d2d",
                          "color": "#cccccc",
                          "display": "block",
                          "overflowX": "auto",
                          "padding": "0.5em",
                        },
                        "hljs-addition": Object {
                          "color": "#99cc99",
                        },
                        "hljs-attribute": Object {
                          "color": "#ffcc66",
                        },
                        "hljs-built_in": Object {
                          "color": "#f99157",
                        },
                        "hljs-builtin-name": Object {
                          "color": "#f99157",
                        },
                        "hljs-bullet": Object {
                          "color": "#99cc99",
                        },
                        "hljs-comment": Object {
                          "color": "#999999",
                        },
                        "hljs-deletion": Object {
                          "color": "#f2777a",
                        },
                        "hljs-emphasis": Object {
                          "fontStyle": "italic",
                        },
                        "hljs-keyword": Object {
                          "color": "#cc99cc",
                        },
                        "hljs-link": Object {
                          "color": "#f99157",
                        },
                        "hljs-literal": Object {
                          "color": "#f99157",
                        },
                        "hljs-meta": Object {
                          "color": "#f99157",
                        },
                        "hljs-name": Object {
                          "color": "#f2777a",
                        },
                        "hljs-number": Object {
                          "color": "#f99157",
                        },
                        "hljs-params": Object {
                          "color": "#f99157",
                        },
                        "hljs-quote": Object {
                          "color": "#999999",
                        },
                        "hljs-regexp": Object {
                          "color": "#f2777a",
                        },
                        "hljs-section": Object {
                          "color": "#6699cc",
                        },
                        "hljs-selector-class": Object {
                          "color": "#f2777a",
                        },
                        "hljs-selector-id": Object {
                          "color": "#f2777a",
                        },
                        "hljs-selector-tag": Object {
                          "color": "#cc99cc",
                        },
                        "hljs-string": Object {
                          "color": "#99cc99",
                        },
                        "hljs-strong": Object {
                          "fontWeight": "bold",
                        },
                        "hljs-symbol": Object {
                          "color": "#99cc99",
                        },
                        "hljs-tag": Object {
                          "color": "#f2777a",
                        },
                        "hljs-template-variable": Object {
                          "color": "#f2777a",
                        },
                        "hljs-title": Object {
                          "color": "#6699cc",
                        },
                        "hljs-type": Object {
                          "color": "#f99157",
                        },
                        "hljs-variable": Object {
                          "color": "#f2777a",
                        },
                      }
                    }
                  >
                    $ spark-submit --class org.apache.spark.examples.SparkPi \\
    --master yarn \\
    --deploy-mode cluster \\
    --queue poolName \\
    examples/jars/spark-examples*.jar \\
    10
                  </SyntaxHighlighter>
                  <h3>
                    ...then refresh the page to see your new application above!
                  </h3>
                </div>,
              ],
              "lg": 12,
              "span": 24,
            },
            "ref": null,
            "rendered": Array [
              Object {
                "instance": null,
                "key": undefined,
                "nodeType": "host",
                "props": Object {
                  "children": Array [
                    "Then ",
                    "when your workspace is approved, ",
                    " just run it!",
                  ],
                },
                "ref": null,
                "rendered": Array [
                  "Then ",
                  "when your workspace is approved, ",
                  " just run it!",
                ],
                "type": "h3",
              },
              Object {
                "instance": null,
                "key": undefined,
                "nodeType": "host",
                "props": Object {
                  "children": Array [
                    <SyntaxHighlighter
                      language="shell"
                      style={
                        Object {
                          "hljs": Object {
                            "background": "#2d2d2d",
                            "color": "#cccccc",
                            "display": "block",
                            "overflowX": "auto",
                            "padding": "0.5em",
                          },
                          "hljs-addition": Object {
                            "color": "#99cc99",
                          },
                          "hljs-attribute": Object {
                            "color": "#ffcc66",
                          },
                          "hljs-built_in": Object {
                            "color": "#f99157",
                          },
                          "hljs-builtin-name": Object {
                            "color": "#f99157",
                          },
                          "hljs-bullet": Object {
                            "color": "#99cc99",
                          },
                          "hljs-comment": Object {
                            "color": "#999999",
                          },
                          "hljs-deletion": Object {
                            "color": "#f2777a",
                          },
                          "hljs-emphasis": Object {
                            "fontStyle": "italic",
                          },
                          "hljs-keyword": Object {
                            "color": "#cc99cc",
                          },
                          "hljs-link": Object {
                            "color": "#f99157",
                          },
                          "hljs-literal": Object {
                            "color": "#f99157",
                          },
                          "hljs-meta": Object {
                            "color": "#f99157",
                          },
                          "hljs-name": Object {
                            "color": "#f2777a",
                          },
                          "hljs-number": Object {
                            "color": "#f99157",
                          },
                          "hljs-params": Object {
                            "color": "#f99157",
                          },
                          "hljs-quote": Object {
                            "color": "#999999",
                          },
                          "hljs-regexp": Object {
                            "color": "#f2777a",
                          },
                          "hljs-section": Object {
                            "color": "#6699cc",
                          },
                          "hljs-selector-class": Object {
                            "color": "#f2777a",
                          },
                          "hljs-selector-id": Object {
                            "color": "#f2777a",
                          },
                          "hljs-selector-tag": Object {
                            "color": "#cc99cc",
                          },
                          "hljs-string": Object {
                            "color": "#99cc99",
                          },
                          "hljs-strong": Object {
                            "fontWeight": "bold",
                          },
                          "hljs-symbol": Object {
                            "color": "#99cc99",
                          },
                          "hljs-tag": Object {
                            "color": "#f2777a",
                          },
                          "hljs-template-variable": Object {
                            "color": "#f2777a",
                          },
                          "hljs-title": Object {
                            "color": "#6699cc",
                          },
                          "hljs-type": Object {
                            "color": "#f99157",
                          },
                          "hljs-variable": Object {
                            "color": "#f2777a",
                          },
                        }
                      }
                    >
                      $ spark-submit --class org.apache.spark.examples.SparkPi \\
    --master yarn \\
    --deploy-mode cluster \\
    --queue poolName \\
    examples/jars/spark-examples*.jar \\
    10
                    </SyntaxHighlighter>,
                    <h3>
                      ...then refresh the page to see your new application above!
                    </h3>,
                  ],
                  "style": Object {
                    "display": "flex",
                    "flexDirection": "column",
                  },
                },
                "ref": null,
                "rendered": Array [
                  Object {
                    "instance": null,
                    "key": undefined,
                    "nodeType": "function",
                    "props": Object {
                      "children": "$ spark-submit --class org.apache.spark.examples.SparkPi \\\\
    --master yarn \\\\
    --deploy-mode cluster \\\\
    --queue poolName \\\\
    examples/jars/spark-examples*.jar \\\\
    10",
                      "language": "shell",
                      "style": Object {
                        "hljs": Object {
                          "background": "#2d2d2d",
                          "color": "#cccccc",
                          "display": "block",
                          "overflowX": "auto",
                          "padding": "0.5em",
                        },
                        "hljs-addition": Object {
                          "color": "#99cc99",
                        },
                        "hljs-attribute": Object {
                          "color": "#ffcc66",
                        },
                        "hljs-built_in": Object {
                          "color": "#f99157",
                        },
                        "hljs-builtin-name": Object {
                          "color": "#f99157",
                        },
                        "hljs-bullet": Object {
                          "color": "#99cc99",
                        },
                        "hljs-comment": Object {
                          "color": "#999999",
                        },
                        "hljs-deletion": Object {
                          "color": "#f2777a",
                        },
                        "hljs-emphasis": Object {
                          "fontStyle": "italic",
                        },
                        "hljs-keyword": Object {
                          "color": "#cc99cc",
                        },
                        "hljs-link": Object {
                          "color": "#f99157",
                        },
                        "hljs-literal": Object {
                          "color": "#f99157",
                        },
                        "hljs-meta": Object {
                          "color": "#f99157",
                        },
                        "hljs-name": Object {
                          "color": "#f2777a",
                        },
                        "hljs-number": Object {
                          "color": "#f99157",
                        },
                        "hljs-params": Object {
                          "color": "#f99157",
                        },
                        "hljs-quote": Object {
                          "color": "#999999",
                        },
                        "hljs-regexp": Object {
                          "color": "#f2777a",
                        },
                        "hljs-section": Object {
                          "color": "#6699cc",
                        },
                        "hljs-selector-class": Object {
                          "color": "#f2777a",
                        },
                        "hljs-selector-id": Object {
                          "color": "#f2777a",
                        },
                        "hljs-selector-tag": Object {
                          "color": "#cc99cc",
                        },
                        "hljs-string": Object {
                          "color": "#99cc99",
                        },
                        "hljs-strong": Object {
                          "fontWeight": "bold",
                        },
                        "hljs-symbol": Object {
                          "color": "#99cc99",
                        },
                        "hljs-tag": Object {
                          "color": "#f2777a",
                        },
                        "hljs-template-variable": Object {
                          "color": "#f2777a",
                        },
                        "hljs-title": Object {
                          "color": "#6699cc",
                        },
                        "hljs-type": Object {
                          "color": "#f99157",
                        },
                        "hljs-variable": Object {
                          "color": "#f2777a",
                        },
                      },
                    },
                    "ref": null,
                    "rendered": "$ spark-submit --class org.apache.spark.examples.SparkPi \\\\
    --master yarn \\\\
    --deploy-mode cluster \\\\
    --queue poolName \\\\
    examples/jars/spark-examples*.jar \\\\
    10",
                    "type": [Function],
                  },
                  Object {
                    "instance": null,
                    "key": undefined,
                    "nodeType": "host",
                    "props": Object {
                      "children": "...then refresh the page to see your new application above!",
                    },
                    "ref": null,
                    "rendered": "...then refresh the page to see your new application above!",
                    "type": "h3",
                  },
                ],
                "type": "div",
              },
            ],
            "type": [Function],
          },
        ],
        "type": [Function],
      },
    ],
    "type": [Function],
  },
  Symbol(enzyme.__nodes__): Array [
    Object {
      "instance": null,
      "key": undefined,
      "nodeType": "class",
      "props": Object {
        "bodyStyle": Object {
          "display": "flex",
          "flex": 1,
          "flexDirection": "column",
        },
        "children": Array [
          <Label>
            get ready
          </Label>,
          <Row
            gutter={10}
          >
            <Col
              lg={12}
              span={24}
            >
              <h3>
                Write your application...
              </h3>
              <SyntaxHighlighter
                language="python"
                style={
                  Object {
                    "hljs": Object {
                      "background": "#2d2d2d",
                      "color": "#cccccc",
                      "display": "block",
                      "overflowX": "auto",
                      "padding": "0.5em",
                    },
                    "hljs-addition": Object {
                      "color": "#99cc99",
                    },
                    "hljs-attribute": Object {
                      "color": "#ffcc66",
                    },
                    "hljs-built_in": Object {
                      "color": "#f99157",
                    },
                    "hljs-builtin-name": Object {
                      "color": "#f99157",
                    },
                    "hljs-bullet": Object {
                      "color": "#99cc99",
                    },
                    "hljs-comment": Object {
                      "color": "#999999",
                    },
                    "hljs-deletion": Object {
                      "color": "#f2777a",
                    },
                    "hljs-emphasis": Object {
                      "fontStyle": "italic",
                    },
                    "hljs-keyword": Object {
                      "color": "#cc99cc",
                    },
                    "hljs-link": Object {
                      "color": "#f99157",
                    },
                    "hljs-literal": Object {
                      "color": "#f99157",
                    },
                    "hljs-meta": Object {
                      "color": "#f99157",
                    },
                    "hljs-name": Object {
                      "color": "#f2777a",
                    },
                    "hljs-number": Object {
                      "color": "#f99157",
                    },
                    "hljs-params": Object {
                      "color": "#f99157",
                    },
                    "hljs-quote": Object {
                      "color": "#999999",
                    },
                    "hljs-regexp": Object {
                      "color": "#f2777a",
                    },
                    "hljs-section": Object {
                      "color": "#6699cc",
                    },
                    "hljs-selector-class": Object {
                      "color": "#f2777a",
                    },
                    "hljs-selector-id": Object {
                      "color": "#f2777a",
                    },
                    "hljs-selector-tag": Object {
                      "color": "#cc99cc",
                    },
                    "hljs-string": Object {
                      "color": "#99cc99",
                    },
                    "hljs-strong": Object {
                      "fontWeight": "bold",
                    },
                    "hljs-symbol": Object {
                      "color": "#99cc99",
                    },
                    "hljs-tag": Object {
                      "color": "#f2777a",
                    },
                    "hljs-template-variable": Object {
                      "color": "#f2777a",
                    },
                    "hljs-title": Object {
                      "color": "#6699cc",
                    },
                    "hljs-type": Object {
                      "color": "#f99157",
                    },
                    "hljs-variable": Object {
                      "color": "#f2777a",
                    },
                  }
                }
              >
                from impala.dbapi
import connect
conn = connect(
  host = ‘$ {
    host
  }’, port = $ {
    port
  }, database = ‘$ {
    dbName
  }’)
cursor = conn.cursor()
cursor.execute(‘SELECT * FROM mytable LIMIT 100’)
print cursor.description # prints the result set’ s schema
results = cursor.fetchall()
              </SyntaxHighlighter>
            </Col>
            <Col
              lg={12}
              span={24}
            >
              <h3>
                Then 
                when your workspace is approved, 
                 just run it!
              </h3>
              <div
                style={
                  Object {
                    "display": "flex",
                    "flexDirection": "column",
                  }
                }
              >
                <SyntaxHighlighter
                  language="shell"
                  style={
                    Object {
                      "hljs": Object {
                        "background": "#2d2d2d",
                        "color": "#cccccc",
                        "display": "block",
                        "overflowX": "auto",
                        "padding": "0.5em",
                      },
                      "hljs-addition": Object {
                        "color": "#99cc99",
                      },
                      "hljs-attribute": Object {
                        "color": "#ffcc66",
                      },
                      "hljs-built_in": Object {
                        "color": "#f99157",
                      },
                      "hljs-builtin-name": Object {
                        "color": "#f99157",
                      },
                      "hljs-bullet": Object {
                        "color": "#99cc99",
                      },
                      "hljs-comment": Object {
                        "color": "#999999",
                      },
                      "hljs-deletion": Object {
                        "color": "#f2777a",
                      },
                      "hljs-emphasis": Object {
                        "fontStyle": "italic",
                      },
                      "hljs-keyword": Object {
                        "color": "#cc99cc",
                      },
                      "hljs-link": Object {
                        "color": "#f99157",
                      },
                      "hljs-literal": Object {
                        "color": "#f99157",
                      },
                      "hljs-meta": Object {
                        "color": "#f99157",
                      },
                      "hljs-name": Object {
                        "color": "#f2777a",
                      },
                      "hljs-number": Object {
                        "color": "#f99157",
                      },
                      "hljs-params": Object {
                        "color": "#f99157",
                      },
                      "hljs-quote": Object {
                        "color": "#999999",
                      },
                      "hljs-regexp": Object {
                        "color": "#f2777a",
                      },
                      "hljs-section": Object {
                        "color": "#6699cc",
                      },
                      "hljs-selector-class": Object {
                        "color": "#f2777a",
                      },
                      "hljs-selector-id": Object {
                        "color": "#f2777a",
                      },
                      "hljs-selector-tag": Object {
                        "color": "#cc99cc",
                      },
                      "hljs-string": Object {
                        "color": "#99cc99",
                      },
                      "hljs-strong": Object {
                        "fontWeight": "bold",
                      },
                      "hljs-symbol": Object {
                        "color": "#99cc99",
                      },
                      "hljs-tag": Object {
                        "color": "#f2777a",
                      },
                      "hljs-template-variable": Object {
                        "color": "#f2777a",
                      },
                      "hljs-title": Object {
                        "color": "#6699cc",
                      },
                      "hljs-type": Object {
                        "color": "#f99157",
                      },
                      "hljs-variable": Object {
                        "color": "#f2777a",
                      },
                    }
                  }
                >
                  $ spark-submit --class org.apache.spark.examples.SparkPi \\
    --master yarn \\
    --deploy-mode cluster \\
    --queue poolName \\
    examples/jars/spark-examples*.jar \\
    10
                </SyntaxHighlighter>
                <h3>
                  ...then refresh the page to see your new application above!
                </h3>
              </div>
            </Col>
          </Row>,
        ],
        "style": Object {
          "display": "flex",
          "flex": 1,
        },
      },
      "ref": null,
      "rendered": Array [
        Object {
          "instance": null,
          "key": undefined,
          "nodeType": "function",
          "props": Object {
            "children": "get ready",
          },
          "ref": null,
          "rendered": "get ready",
          "type": [Function],
        },
        Object {
          "instance": null,
          "key": undefined,
          "nodeType": "class",
          "props": Object {
            "children": Array [
              <Col
                lg={12}
                span={24}
              >
                <h3>
                  Write your application...
                </h3>
                <SyntaxHighlighter
                  language="python"
                  style={
                    Object {
                      "hljs": Object {
                        "background": "#2d2d2d",
                        "color": "#cccccc",
                        "display": "block",
                        "overflowX": "auto",
                        "padding": "0.5em",
                      },
                      "hljs-addition": Object {
                        "color": "#99cc99",
                      },
                      "hljs-attribute": Object {
                        "color": "#ffcc66",
                      },
                      "hljs-built_in": Object {
                        "color": "#f99157",
                      },
                      "hljs-builtin-name": Object {
                        "color": "#f99157",
                      },
                      "hljs-bullet": Object {
                        "color": "#99cc99",
                      },
                      "hljs-comment": Object {
                        "color": "#999999",
                      },
                      "hljs-deletion": Object {
                        "color": "#f2777a",
                      },
                      "hljs-emphasis": Object {
                        "fontStyle": "italic",
                      },
                      "hljs-keyword": Object {
                        "color": "#cc99cc",
                      },
                      "hljs-link": Object {
                        "color": "#f99157",
                      },
                      "hljs-literal": Object {
                        "color": "#f99157",
                      },
                      "hljs-meta": Object {
                        "color": "#f99157",
                      },
                      "hljs-name": Object {
                        "color": "#f2777a",
                      },
                      "hljs-number": Object {
                        "color": "#f99157",
                      },
                      "hljs-params": Object {
                        "color": "#f99157",
                      },
                      "hljs-quote": Object {
                        "color": "#999999",
                      },
                      "hljs-regexp": Object {
                        "color": "#f2777a",
                      },
                      "hljs-section": Object {
                        "color": "#6699cc",
                      },
                      "hljs-selector-class": Object {
                        "color": "#f2777a",
                      },
                      "hljs-selector-id": Object {
                        "color": "#f2777a",
                      },
                      "hljs-selector-tag": Object {
                        "color": "#cc99cc",
                      },
                      "hljs-string": Object {
                        "color": "#99cc99",
                      },
                      "hljs-strong": Object {
                        "fontWeight": "bold",
                      },
                      "hljs-symbol": Object {
                        "color": "#99cc99",
                      },
                      "hljs-tag": Object {
                        "color": "#f2777a",
                      },
                      "hljs-template-variable": Object {
                        "color": "#f2777a",
                      },
                      "hljs-title": Object {
                        "color": "#6699cc",
                      },
                      "hljs-type": Object {
                        "color": "#f99157",
                      },
                      "hljs-variable": Object {
                        "color": "#f2777a",
                      },
                    }
                  }
                >
                  from impala.dbapi
import connect
conn = connect(
  host = ‘$ {
    host
  }’, port = $ {
    port
  }, database = ‘$ {
    dbName
  }’)
cursor = conn.cursor()
cursor.execute(‘SELECT * FROM mytable LIMIT 100’)
print cursor.description # prints the result set’ s schema
results = cursor.fetchall()
                </SyntaxHighlighter>
              </Col>,
              <Col
                lg={12}
                span={24}
              >
                <h3>
                  Then 
                  when your workspace is approved, 
                   just run it!
                </h3>
                <div
                  style={
                    Object {
                      "display": "flex",
                      "flexDirection": "column",
                    }
                  }
                >
                  <SyntaxHighlighter
                    language="shell"
                    style={
                      Object {
                        "hljs": Object {
                          "background": "#2d2d2d",
                          "color": "#cccccc",
                          "display": "block",
                          "overflowX": "auto",
                          "padding": "0.5em",
                        },
                        "hljs-addition": Object {
                          "color": "#99cc99",
                        },
                        "hljs-attribute": Object {
                          "color": "#ffcc66",
                        },
                        "hljs-built_in": Object {
                          "color": "#f99157",
                        },
                        "hljs-builtin-name": Object {
                          "color": "#f99157",
                        },
                        "hljs-bullet": Object {
                          "color": "#99cc99",
                        },
                        "hljs-comment": Object {
                          "color": "#999999",
                        },
                        "hljs-deletion": Object {
                          "color": "#f2777a",
                        },
                        "hljs-emphasis": Object {
                          "fontStyle": "italic",
                        },
                        "hljs-keyword": Object {
                          "color": "#cc99cc",
                        },
                        "hljs-link": Object {
                          "color": "#f99157",
                        },
                        "hljs-literal": Object {
                          "color": "#f99157",
                        },
                        "hljs-meta": Object {
                          "color": "#f99157",
                        },
                        "hljs-name": Object {
                          "color": "#f2777a",
                        },
                        "hljs-number": Object {
                          "color": "#f99157",
                        },
                        "hljs-params": Object {
                          "color": "#f99157",
                        },
                        "hljs-quote": Object {
                          "color": "#999999",
                        },
                        "hljs-regexp": Object {
                          "color": "#f2777a",
                        },
                        "hljs-section": Object {
                          "color": "#6699cc",
                        },
                        "hljs-selector-class": Object {
                          "color": "#f2777a",
                        },
                        "hljs-selector-id": Object {
                          "color": "#f2777a",
                        },
                        "hljs-selector-tag": Object {
                          "color": "#cc99cc",
                        },
                        "hljs-string": Object {
                          "color": "#99cc99",
                        },
                        "hljs-strong": Object {
                          "fontWeight": "bold",
                        },
                        "hljs-symbol": Object {
                          "color": "#99cc99",
                        },
                        "hljs-tag": Object {
                          "color": "#f2777a",
                        },
                        "hljs-template-variable": Object {
                          "color": "#f2777a",
                        },
                        "hljs-title": Object {
                          "color": "#6699cc",
                        },
                        "hljs-type": Object {
                          "color": "#f99157",
                        },
                        "hljs-variable": Object {
                          "color": "#f2777a",
                        },
                      }
                    }
                  >
                    $ spark-submit --class org.apache.spark.examples.SparkPi \\
    --master yarn \\
    --deploy-mode cluster \\
    --queue poolName \\
    examples/jars/spark-examples*.jar \\
    10
                  </SyntaxHighlighter>
                  <h3>
                    ...then refresh the page to see your new application above!
                  </h3>
                </div>
              </Col>,
            ],
            "gutter": 10,
          },
          "ref": null,
          "rendered": Array [
            Object {
              "instance": null,
              "key": undefined,
              "nodeType": "class",
              "props": Object {
                "children": Array [
                  <h3>
                    Write your application...
                  </h3>,
                  <SyntaxHighlighter
                    language="python"
                    style={
                      Object {
                        "hljs": Object {
                          "background": "#2d2d2d",
                          "color": "#cccccc",
                          "display": "block",
                          "overflowX": "auto",
                          "padding": "0.5em",
                        },
                        "hljs-addition": Object {
                          "color": "#99cc99",
                        },
                        "hljs-attribute": Object {
                          "color": "#ffcc66",
                        },
                        "hljs-built_in": Object {
                          "color": "#f99157",
                        },
                        "hljs-builtin-name": Object {
                          "color": "#f99157",
                        },
                        "hljs-bullet": Object {
                          "color": "#99cc99",
                        },
                        "hljs-comment": Object {
                          "color": "#999999",
                        },
                        "hljs-deletion": Object {
                          "color": "#f2777a",
                        },
                        "hljs-emphasis": Object {
                          "fontStyle": "italic",
                        },
                        "hljs-keyword": Object {
                          "color": "#cc99cc",
                        },
                        "hljs-link": Object {
                          "color": "#f99157",
                        },
                        "hljs-literal": Object {
                          "color": "#f99157",
                        },
                        "hljs-meta": Object {
                          "color": "#f99157",
                        },
                        "hljs-name": Object {
                          "color": "#f2777a",
                        },
                        "hljs-number": Object {
                          "color": "#f99157",
                        },
                        "hljs-params": Object {
                          "color": "#f99157",
                        },
                        "hljs-quote": Object {
                          "color": "#999999",
                        },
                        "hljs-regexp": Object {
                          "color": "#f2777a",
                        },
                        "hljs-section": Object {
                          "color": "#6699cc",
                        },
                        "hljs-selector-class": Object {
                          "color": "#f2777a",
                        },
                        "hljs-selector-id": Object {
                          "color": "#f2777a",
                        },
                        "hljs-selector-tag": Object {
                          "color": "#cc99cc",
                        },
                        "hljs-string": Object {
                          "color": "#99cc99",
                        },
                        "hljs-strong": Object {
                          "fontWeight": "bold",
                        },
                        "hljs-symbol": Object {
                          "color": "#99cc99",
                        },
                        "hljs-tag": Object {
                          "color": "#f2777a",
                        },
                        "hljs-template-variable": Object {
                          "color": "#f2777a",
                        },
                        "hljs-title": Object {
                          "color": "#6699cc",
                        },
                        "hljs-type": Object {
                          "color": "#f99157",
                        },
                        "hljs-variable": Object {
                          "color": "#f2777a",
                        },
                      }
                    }
                  >
                    from impala.dbapi
import connect
conn = connect(
  host = ‘$ {
    host
  }’, port = $ {
    port
  }, database = ‘$ {
    dbName
  }’)
cursor = conn.cursor()
cursor.execute(‘SELECT * FROM mytable LIMIT 100’)
print cursor.description # prints the result set’ s schema
results = cursor.fetchall()
                  </SyntaxHighlighter>,
                ],
                "lg": 12,
                "span": 24,
              },
              "ref": null,
              "rendered": Array [
                Object {
                  "instance": null,
                  "key": undefined,
                  "nodeType": "host",
                  "props": Object {
                    "children": "Write your application...",
                  },
                  "ref": null,
                  "rendered": "Write your application...",
                  "type": "h3",
                },
                Object {
                  "instance": null,
                  "key": undefined,
                  "nodeType": "function",
                  "props": Object {
                    "children": "from impala.dbapi
import connect
conn = connect(
  host = ‘$ {
    host
  }’, port = $ {
    port
  }, database = ‘$ {
    dbName
  }’)
cursor = conn.cursor()
cursor.execute(‘SELECT * FROM mytable LIMIT 100’)
print cursor.description # prints the result set’ s schema
results = cursor.fetchall()",
                    "language": "python",
                    "style": Object {
                      "hljs": Object {
                        "background": "#2d2d2d",
                        "color": "#cccccc",
                        "display": "block",
                        "overflowX": "auto",
                        "padding": "0.5em",
                      },
                      "hljs-addition": Object {
                        "color": "#99cc99",
                      },
                      "hljs-attribute": Object {
                        "color": "#ffcc66",
                      },
                      "hljs-built_in": Object {
                        "color": "#f99157",
                      },
                      "hljs-builtin-name": Object {
                        "color": "#f99157",
                      },
                      "hljs-bullet": Object {
                        "color": "#99cc99",
                      },
                      "hljs-comment": Object {
                        "color": "#999999",
                      },
                      "hljs-deletion": Object {
                        "color": "#f2777a",
                      },
                      "hljs-emphasis": Object {
                        "fontStyle": "italic",
                      },
                      "hljs-keyword": Object {
                        "color": "#cc99cc",
                      },
                      "hljs-link": Object {
                        "color": "#f99157",
                      },
                      "hljs-literal": Object {
                        "color": "#f99157",
                      },
                      "hljs-meta": Object {
                        "color": "#f99157",
                      },
                      "hljs-name": Object {
                        "color": "#f2777a",
                      },
                      "hljs-number": Object {
                        "color": "#f99157",
                      },
                      "hljs-params": Object {
                        "color": "#f99157",
                      },
                      "hljs-quote": Object {
                        "color": "#999999",
                      },
                      "hljs-regexp": Object {
                        "color": "#f2777a",
                      },
                      "hljs-section": Object {
                        "color": "#6699cc",
                      },
                      "hljs-selector-class": Object {
                        "color": "#f2777a",
                      },
                      "hljs-selector-id": Object {
                        "color": "#f2777a",
                      },
                      "hljs-selector-tag": Object {
                        "color": "#cc99cc",
                      },
                      "hljs-string": Object {
                        "color": "#99cc99",
                      },
                      "hljs-strong": Object {
                        "fontWeight": "bold",
                      },
                      "hljs-symbol": Object {
                        "color": "#99cc99",
                      },
                      "hljs-tag": Object {
                        "color": "#f2777a",
                      },
                      "hljs-template-variable": Object {
                        "color": "#f2777a",
                      },
                      "hljs-title": Object {
                        "color": "#6699cc",
                      },
                      "hljs-type": Object {
                        "color": "#f99157",
                      },
                      "hljs-variable": Object {
                        "color": "#f2777a",
                      },
                    },
                  },
                  "ref": null,
                  "rendered": "from impala.dbapi
import connect
conn = connect(
  host = ‘$ {
    host
  }’, port = $ {
    port
  }, database = ‘$ {
    dbName
  }’)
cursor = conn.cursor()
cursor.execute(‘SELECT * FROM mytable LIMIT 100’)
print cursor.description # prints the result set’ s schema
results = cursor.fetchall()",
                  "type": [Function],
                },
              ],
              "type": [Function],
            },
            Object {
              "instance": null,
              "key": undefined,
              "nodeType": "class",
              "props": Object {
                "children": Array [
                  <h3>
                    Then 
                    when your workspace is approved, 
                     just run it!
                  </h3>,
                  <div
                    style={
                      Object {
                        "display": "flex",
                        "flexDirection": "column",
                      }
                    }
                  >
                    <SyntaxHighlighter
                      language="shell"
                      style={
                        Object {
                          "hljs": Object {
                            "background": "#2d2d2d",
                            "color": "#cccccc",
                            "display": "block",
                            "overflowX": "auto",
                            "padding": "0.5em",
                          },
                          "hljs-addition": Object {
                            "color": "#99cc99",
                          },
                          "hljs-attribute": Object {
                            "color": "#ffcc66",
                          },
                          "hljs-built_in": Object {
                            "color": "#f99157",
                          },
                          "hljs-builtin-name": Object {
                            "color": "#f99157",
                          },
                          "hljs-bullet": Object {
                            "color": "#99cc99",
                          },
                          "hljs-comment": Object {
                            "color": "#999999",
                          },
                          "hljs-deletion": Object {
                            "color": "#f2777a",
                          },
                          "hljs-emphasis": Object {
                            "fontStyle": "italic",
                          },
                          "hljs-keyword": Object {
                            "color": "#cc99cc",
                          },
                          "hljs-link": Object {
                            "color": "#f99157",
                          },
                          "hljs-literal": Object {
                            "color": "#f99157",
                          },
                          "hljs-meta": Object {
                            "color": "#f99157",
                          },
                          "hljs-name": Object {
                            "color": "#f2777a",
                          },
                          "hljs-number": Object {
                            "color": "#f99157",
                          },
                          "hljs-params": Object {
                            "color": "#f99157",
                          },
                          "hljs-quote": Object {
                            "color": "#999999",
                          },
                          "hljs-regexp": Object {
                            "color": "#f2777a",
                          },
                          "hljs-section": Object {
                            "color": "#6699cc",
                          },
                          "hljs-selector-class": Object {
                            "color": "#f2777a",
                          },
                          "hljs-selector-id": Object {
                            "color": "#f2777a",
                          },
                          "hljs-selector-tag": Object {
                            "color": "#cc99cc",
                          },
                          "hljs-string": Object {
                            "color": "#99cc99",
                          },
                          "hljs-strong": Object {
                            "fontWeight": "bold",
                          },
                          "hljs-symbol": Object {
                            "color": "#99cc99",
                          },
                          "hljs-tag": Object {
                            "color": "#f2777a",
                          },
                          "hljs-template-variable": Object {
                            "color": "#f2777a",
                          },
                          "hljs-title": Object {
                            "color": "#6699cc",
                          },
                          "hljs-type": Object {
                            "color": "#f99157",
                          },
                          "hljs-variable": Object {
                            "color": "#f2777a",
                          },
                        }
                      }
                    >
                      $ spark-submit --class org.apache.spark.examples.SparkPi \\
    --master yarn \\
    --deploy-mode cluster \\
    --queue poolName \\
    examples/jars/spark-examples*.jar \\
    10
                    </SyntaxHighlighter>
                    <h3>
                      ...then refresh the page to see your new application above!
                    </h3>
                  </div>,
                ],
                "lg": 12,
                "span": 24,
              },
              "ref": null,
              "rendered": Array [
                Object {
                  "instance": null,
                  "key": undefined,
                  "nodeType": "host",
                  "props": Object {
                    "children": Array [
                      "Then ",
                      "when your workspace is approved, ",
                      " just run it!",
                    ],
                  },
                  "ref": null,
                  "rendered": Array [
                    "Then ",
                    "when your workspace is approved, ",
                    " just run it!",
                  ],
                  "type": "h3",
                },
                Object {
                  "instance": null,
                  "key": undefined,
                  "nodeType": "host",
                  "props": Object {
                    "children": Array [
                      <SyntaxHighlighter
                        language="shell"
                        style={
                          Object {
                            "hljs": Object {
                              "background": "#2d2d2d",
                              "color": "#cccccc",
                              "display": "block",
                              "overflowX": "auto",
                              "padding": "0.5em",
                            },
                            "hljs-addition": Object {
                              "color": "#99cc99",
                            },
                            "hljs-attribute": Object {
                              "color": "#ffcc66",
                            },
                            "hljs-built_in": Object {
                              "color": "#f99157",
                            },
                            "hljs-builtin-name": Object {
                              "color": "#f99157",
                            },
                            "hljs-bullet": Object {
                              "color": "#99cc99",
                            },
                            "hljs-comment": Object {
                              "color": "#999999",
                            },
                            "hljs-deletion": Object {
                              "color": "#f2777a",
                            },
                            "hljs-emphasis": Object {
                              "fontStyle": "italic",
                            },
                            "hljs-keyword": Object {
                              "color": "#cc99cc",
                            },
                            "hljs-link": Object {
                              "color": "#f99157",
                            },
                            "hljs-literal": Object {
                              "color": "#f99157",
                            },
                            "hljs-meta": Object {
                              "color": "#f99157",
                            },
                            "hljs-name": Object {
                              "color": "#f2777a",
                            },
                            "hljs-number": Object {
                              "color": "#f99157",
                            },
                            "hljs-params": Object {
                              "color": "#f99157",
                            },
                            "hljs-quote": Object {
                              "color": "#999999",
                            },
                            "hljs-regexp": Object {
                              "color": "#f2777a",
                            },
                            "hljs-section": Object {
                              "color": "#6699cc",
                            },
                            "hljs-selector-class": Object {
                              "color": "#f2777a",
                            },
                            "hljs-selector-id": Object {
                              "color": "#f2777a",
                            },
                            "hljs-selector-tag": Object {
                              "color": "#cc99cc",
                            },
                            "hljs-string": Object {
                              "color": "#99cc99",
                            },
                            "hljs-strong": Object {
                              "fontWeight": "bold",
                            },
                            "hljs-symbol": Object {
                              "color": "#99cc99",
                            },
                            "hljs-tag": Object {
                              "color": "#f2777a",
                            },
                            "hljs-template-variable": Object {
                              "color": "#f2777a",
                            },
                            "hljs-title": Object {
                              "color": "#6699cc",
                            },
                            "hljs-type": Object {
                              "color": "#f99157",
                            },
                            "hljs-variable": Object {
                              "color": "#f2777a",
                            },
                          }
                        }
                      >
                        $ spark-submit --class org.apache.spark.examples.SparkPi \\
    --master yarn \\
    --deploy-mode cluster \\
    --queue poolName \\
    examples/jars/spark-examples*.jar \\
    10
                      </SyntaxHighlighter>,
                      <h3>
                        ...then refresh the page to see your new application above!
                      </h3>,
                    ],
                    "style": Object {
                      "display": "flex",
                      "flexDirection": "column",
                    },
                  },
                  "ref": null,
                  "rendered": Array [
                    Object {
                      "instance": null,
                      "key": undefined,
                      "nodeType": "function",
                      "props": Object {
                        "children": "$ spark-submit --class org.apache.spark.examples.SparkPi \\\\
    --master yarn \\\\
    --deploy-mode cluster \\\\
    --queue poolName \\\\
    examples/jars/spark-examples*.jar \\\\
    10",
                        "language": "shell",
                        "style": Object {
                          "hljs": Object {
                            "background": "#2d2d2d",
                            "color": "#cccccc",
                            "display": "block",
                            "overflowX": "auto",
                            "padding": "0.5em",
                          },
                          "hljs-addition": Object {
                            "color": "#99cc99",
                          },
                          "hljs-attribute": Object {
                            "color": "#ffcc66",
                          },
                          "hljs-built_in": Object {
                            "color": "#f99157",
                          },
                          "hljs-builtin-name": Object {
                            "color": "#f99157",
                          },
                          "hljs-bullet": Object {
                            "color": "#99cc99",
                          },
                          "hljs-comment": Object {
                            "color": "#999999",
                          },
                          "hljs-deletion": Object {
                            "color": "#f2777a",
                          },
                          "hljs-emphasis": Object {
                            "fontStyle": "italic",
                          },
                          "hljs-keyword": Object {
                            "color": "#cc99cc",
                          },
                          "hljs-link": Object {
                            "color": "#f99157",
                          },
                          "hljs-literal": Object {
                            "color": "#f99157",
                          },
                          "hljs-meta": Object {
                            "color": "#f99157",
                          },
                          "hljs-name": Object {
                            "color": "#f2777a",
                          },
                          "hljs-number": Object {
                            "color": "#f99157",
                          },
                          "hljs-params": Object {
                            "color": "#f99157",
                          },
                          "hljs-quote": Object {
                            "color": "#999999",
                          },
                          "hljs-regexp": Object {
                            "color": "#f2777a",
                          },
                          "hljs-section": Object {
                            "color": "#6699cc",
                          },
                          "hljs-selector-class": Object {
                            "color": "#f2777a",
                          },
                          "hljs-selector-id": Object {
                            "color": "#f2777a",
                          },
                          "hljs-selector-tag": Object {
                            "color": "#cc99cc",
                          },
                          "hljs-string": Object {
                            "color": "#99cc99",
                          },
                          "hljs-strong": Object {
                            "fontWeight": "bold",
                          },
                          "hljs-symbol": Object {
                            "color": "#99cc99",
                          },
                          "hljs-tag": Object {
                            "color": "#f2777a",
                          },
                          "hljs-template-variable": Object {
                            "color": "#f2777a",
                          },
                          "hljs-title": Object {
                            "color": "#6699cc",
                          },
                          "hljs-type": Object {
                            "color": "#f99157",
                          },
                          "hljs-variable": Object {
                            "color": "#f2777a",
                          },
                        },
                      },
                      "ref": null,
                      "rendered": "$ spark-submit --class org.apache.spark.examples.SparkPi \\\\
    --master yarn \\\\
    --deploy-mode cluster \\\\
    --queue poolName \\\\
    examples/jars/spark-examples*.jar \\\\
    10",
                      "type": [Function],
                    },
                    Object {
                      "instance": null,
                      "key": undefined,
                      "nodeType": "host",
                      "props": Object {
                        "children": "...then refresh the page to see your new application above!",
                      },
                      "ref": null,
                      "rendered": "...then refresh the page to see your new application above!",
                      "type": "h3",
                    },
                  ],
                  "type": "div",
                },
              ],
              "type": [Function],
            },
          ],
          "type": [Function],
        },
      ],
      "type": [Function],
    },
  ],
  Symbol(enzyme.__options__): Object {
    "adapter": ReactSixteenAdapter {
      "options": Object {
        "enableComponentDidUpdateOnSetState": true,
        "lifecycles": Object {
          "componentDidUpdate": Object {
            "onSetState": true,
          },
          "getDerivedStateFromProps": true,
          "getSnapshotBeforeUpdate": true,
          "setState": Object {
            "skipsComponentDidUpdateOnNullish": true,
          },
        },
      },
    },
    "attachTo": undefined,
    "hydrateIn": undefined,
  },
}
`;
