// Jest Snapshot v1, https://goo.gl/fbAQLP

exports[`Label renders correctly 1`] = `
<div
  style={
    Object {
      "alignItems": "center",
      "display": "flex",
      "fontSize": 16,
      "fontWeight": 200,
      "justifyContent": "center",
      "letterSpacing": 1,
      "textTransform": "uppercase",
    }
  }
>
  Label
</div>
`;
