// Jest Snapshot v1, https://goo.gl/fbAQLP

exports[`Service renders correctly 1`] = `
<Card
  actions={
    Array [
      <h4
        style={
          Object {
            "color": "rgb(0,0,0,.45)",
            "cursor": "not-allowed",
            "margin": 0,
          }
        }
      >
        (no links)
      </h4>,
    ]
  }
  style={
    Object {
      "flex": 1,
      "marginLeft": 0,
    }
  }
>
  <Meta
    avatar={
      <Avatar
        shape="circle"
        size="small"
        style={
          Object {
            "backgroundColor": "rgb(187, 187, 187)",
            "boxShadow": "0 0 5px 2px hsl(0, 0%, 73.3%)",
          }
        }
      />
    }
    style={
      Object {
        "display": "flex",
        "justifyContent": "center",
      }
    }
    title=""
  />
</Card>
`;
