// Jest Snapshot v1, https://goo.gl/fbAQLP

exports[`HiveDatabase renders correctly 1`] = `
<Card>
  <div
    style={
      Object {
        "fontSize": 14,
        "overflow": "hidden",
        "textAlign": "center",
        "textOverflow": "ellipsis",
      }
    }
  >
    sw_test_workspace
  </div>
  <div
    style={
      Object {
        "alignItems": "center",
        "display": "flex",
        "justifyContent": "center",
        "marginTop": 12,
      }
    }
  >
    <Doughnut
      data={
        Object {
          "datasets": Array [
            Object {
              "backgroundColor": Array [
                "rgb(45, 116, 147)",
                "hsl(198.20000000000005, 53.1%, 56.5%)",
              ],
              "data": Array [
                1000,
                0,
              ],
              "label": false,
            },
          ],
          "labels": Array [
            "Available (GB)",
            "Consumed (GB)",
          ],
        }
      }
      height={52}
      options={
        Object {
          "legend": false,
          "maintainAspectRatio": false,
          "title": false,
        }
      }
      redraw={false}
      width={52}
    />
  </div>
  <div
    style={
      Object {
        "fontSize": 12,
        "letterSpacing": 1,
        "padding": "4px 0 8px 0",
        "textAlign": "center",
      }
    }
  >
    1000.0GB/1000GB
    <br />
    AVAILABLE
  </div>
  <Connect(Feature)
    flag="disk-quota"
  >
    <div
      style={
        Object {
          "textAlign": "center",
        }
      }
    >
      <Button
        block={false}
        ghost={false}
        htmlType="button"
        loading={false}
        onClick={[Function]}
        type="primary"
      >
        Modify
      </Button>
    </div>
  </Connect(Feature)>
</Card>
`;
