// Jest Snapshot v1, https://goo.gl/fbAQLP

exports[`DatabaseSummary renders correctly 1`] = `
<div
  style={
    Object {
      "paddingLeft": 24,
      "paddingRight": 24,
      "paddingTop": 24,
      "textAlign": "left",
    }
  }
>
  <h2>
    Databases
  </h2>
  <div
    key="1"
  >
    <h3 />
    <Table
      bordered={false}
      childrenColumnName="children"
      className=""
      dataSource={
        Array [
          Object {
            "title": "Location",
            "value": "",
          },
          Object {
            "title": "Size In GB",
            "value": 0,
          },
          Object {
            "title": "Managing Group Common Name",
            "value": "",
          },
          Object {
            "title": "Managing Group Distinguished Name",
            "value": "",
          },
          Object {
            "title": "Managing Group Sentry Role",
            "value": "",
          },
        ]
      }
      indentSize={20}
      loading={false}
      locale={Object {}}
      pagination={false}
      rowKey="key"
      showHeader={true}
      size="default"
      sortDirections={
        Array [
          "ascend",
          "descend",
        ]
      }
      useFixedHeader={false}
    >
      <Column
        dataIndex="title"
        key="title"
        title="Attribute"
        width="50%"
      />
      <Column
        dataIndex="value"
        key="value"
        title="Value"
        width="50%"
      />
    </Table>
  </div>
</div>
`;
