// Jest Snapshot v1, https://goo.gl/fbAQLP

exports[`OverviewPage renders correctly 1`] = `
<OverviewPage
  form={
    Object {
      "getFieldDecorator": [Function],
      "getFieldError": [Function],
      "getFieldInstance": [Function],
      "getFieldProps": [Function],
      "getFieldValue": [Function],
      "getFieldsError": [Function],
      "getFieldsValue": [Function],
      "isFieldTouched": [Function],
      "isFieldValidating": [Function],
      "isFieldsTouched": [Function],
      "isFieldsValidating": [Function],
      "isSubmitting": [Function],
      "resetFields": [Function],
      "setFields": [Function],
      "setFieldsInitialValue": [Function],
      "setFieldsValue": [Function],
      "submit": [Function],
      "validateFields": [Function],
      "validateFieldsAndScroll": [Function],
    }
  }
  request={
    Object {
      "compliance": Object {
        "pci_data": false,
        "phi_data": false,
        "pii_data": false,
      },
      "description": "",
      "name": "",
      "summary": "",
    }
  }
  setRequest={[Function]}
/>
`;
